// Jest Snapshot v1, https://goo.gl/fbAQLP

exports[`corresponds to what we saw before 1`] = `"<button data-testid=\\"button\\" class=\\"untoggled\\">Add text!</button>"`;
